[2026-08-17 18:45:28.882] [1782304] [HailoRT] [info] [vdevice.cpp:523] [create] Creating vdevice with params: device_count: 1, scheduling_algorithm: ROUND_ROBIN, multi_process_service: false
[2026-08-17 18:45:28.882] [1782304] [HailoRT] [info] [device.cpp:49] [Device] OS Version: Linux 6.12.34+rpt-rpi-2712 #1 SMP PREEMPT Debian 1:6.12.34-1+rpt1~bookworm (2025-06-26) aarch64
[2026-08-17 18:45:28.884] [1782304] [HailoRT] [info] [control.cpp:108] [control__parse_identify_results] firmware_version is: 4.20.0
[2026-08-17 18:45:28.911] [1782304] [HailoRT] [error] [vdevice.cpp:820] [create_devices] CHECK failed - Failed to create vdevice. there are not enough free devices. requested: 1, found: 0
[2026-08-17 18:45:28.911] [1782304] [HailoRT] [error] [vdevice.cpp:631] [create] CHECK_SUCCESS failed with status=HAILO_OUT_OF_PHYSICAL_DEVICES(74)
[2026-08-17 18:45:28.911] [1782304] [HailoRT] [error] [shared_resource_manager.hpp:81] [register_resource] CHECK_SUCCESS failed with status=HAILO_OUT_OF_PHYSICAL_DEVICES(74)
[2026-08-17 18:45:28.911] [1782304] [HailoRT] [error] [vdevice.cpp:132] [create] CHECK_SUCCESS failed with status=HAILO_OUT_OF_PHYSICAL_DEVICES(74)
[2026-08-17 18:45:28.911] [1782304] [HailoRT] [error] [vdevice.cpp:554] [create] CHECK_SUCCESS failed with status=HAILO_OUT_OF_PHYSICAL_DEVICES(74)
[2026-08-18 01:50:41.812] [1856249] [HailoRT] [info] [vdevice.cpp:523] [create] Creating vdevice with params: device_count: 1, scheduling_algorithm: ROUND_ROBIN, multi_process_service: false
[2026-08-18 01:50:41.823] [1856249] [HailoRT] [info] [device.cpp:49] [Device] OS Version: Linux 6.12.34+rpt-rpi-2712 #1 SMP PREEMPT Debian 1:6.12.34-1+rpt1~bookworm (2025-06-26) aarch64
[2026-08-18 01:50:41.824] [1856249] [HailoRT] [info] [control.cpp:108] [control__parse_identify_results] firmware_version is: 4.20.0
[2026-08-18 01:50:41.824] [1856249] [HailoRT] [info] [vdevice.cpp:651] [create] VDevice Infos: 0001:03:00.0
[2026-08-18 01:50:41.931] [1856249] [HailoRT] [info] [hef.cpp:1929] [get_network_group_and_network_name] No name was given. Addressing all networks of default network_group: yolov8s_pose
[2026-08-18 01:50:41.931] [1856249] [HailoRT] [info] [hef.cpp:1929] [get_network_group_and_network_name] No name was given. Addressing all networks of default network_group: yolov8s_pose
[2026-08-18 01:50:41.936] [1856256] [HailoRT] [warning] [device_internal.cpp:616] [check_hef_is_compatible] HEF was compiled for Hailo8L device, while the device itself is Hailo8. This will result in lower performance.
[2026-08-18 01:50:41.936] [1856256] [HailoRT] [warning] [device_internal.cpp:616] [check_hef_is_compatible] HEF was compiled for Hailo8L device, while the device itself is Hailo8. This will result in lower performance.
[2026-08-18 01:50:41.942] [1856256] [HailoRT] [info] [internal_buffer_manager.cpp:204] [print_execution_results] Planned internal buffer memory: CMA memory 0, user memory 3321344. memory to edge layer usage factor is 0.93083656
[2026-08-18 01:50:41.942] [1856256] [HailoRT] [info] [internal_buffer_manager.cpp:212] [print_execution_results] Default Internal buffer planner executed successfully
[2026-08-18 01:50:41.960] [1856256] [HailoRT] [info] [device_internal.cpp:57] [configure] Configuring HEF took 23.839577 milliseconds
[2026-08-18 01:50:41.960] [1856256] [HailoRT] [info] [vdevice.cpp:749] [configure] Configuring HEF on VDevice took 24.354225 milliseconds
[2026-08-18 01:50:41.960] [1856256] [HailoRT] [info] [infer_model.cpp:436] [configure] Configuring network group 'yolov8s_pose' with params: batch size: 0, power mode: PERFORMANCE, latency: NONE
[2026-08-18 01:50:41.960] [1856256] [HailoRT] [info] [multi_io_elements.cpp:756] [create] Created (AsyncHwEl)
[2026-08-18 01:50:41.960] [1856256] [HailoRT] [info] [queue_elements.cpp:450] [create] Created (EntryPushQEl0yolov8s_pose/input_layer1 | timeout: 10s)
[2026-08-18 01:50:41.960] [1856256] [HailoRT] [info] [filter_elements.cpp:101] [create] Created (PreInferEl3yolov8s_pose/input_layer1 | Reorder - src_order: RGB4, src_shape: (640, 640, 3), dst_order: NHWC, dst_shape: (640, 640, 3))
[2026-08-18 01:50:41.960] [1856256] [HailoRT] [info] [queue_elements.cpp:450] [create] Created (PushQEl3yolov8s_pose/input_layer1 | timeout: 10s)
[2026-08-18 01:50:41.960] [1856256] [HailoRT] [info] [edge_elements.cpp:187] [create] Created (LastAsyncEl3AsyncHwEl)
[2026-08-18 01:50:41.960] [1856256] [HailoRT] [info] [queue_elements.cpp:450] [create] Created (PushQEl4AsyncHwEl | timeout: 10s)
[2026-08-18 01:50:41.960] [1856256] [HailoRT] [info] [filter_elements.cpp:375] [create] Created (PostInferEl4AsyncHwEl | Reorder - src_order: FCR, src_shape: (20, 20, 56), dst_order: FCR, dst_shape: (20, 20, 51))
[2026-08-18 01:50:41.960] [1856256] [HailoRT] [info] [edge_elements.cpp:187] [create] Created (LastAsyncEl0PostInferEl4AsyncHwEl)
[2026-08-18 01:50:41.960] [1856256] [HailoRT] [info] [edge_elements.cpp:187] [create] Created (LastAsyncEl5AsyncHwEl)
[2026-08-18 01:50:41.960] [1856256] [HailoRT] [info] [edge_elements.cpp:187] [create] Created (LastAsyncEl0AsyncHwEl)
[2026-08-18 01:50:41.960] [1856256] [HailoRT] [info] [edge_elements.cpp:187] [create] Created (LastAsyncEl1AsyncHwEl)
[2026-08-18 01:50:41.960] [1856256] [HailoRT] [info] [edge_elements.cpp:187] [create] Created (LastAsyncEl2AsyncHwEl)
[2026-08-18 01:50:41.960] [1856256] [HailoRT] [info] [queue_elements.cpp:450] [create] Created (PushQEl7AsyncHwEl | timeout: 10s)
[2026-08-18 01:50:41.960] [1856256] [HailoRT] [info] [filter_elements.cpp:375] [create] Created (PostInferEl7AsyncHwEl | Reorder - src_order: FCR, src_shape: (40, 40, 56), dst_order: FCR, dst_shape: (40, 40, 51))
[2026-08-18 01:50:41.960] [1856256] [HailoRT] [info] [edge_elements.cpp:187] [create] Created (LastAsyncEl0PostInferEl7AsyncHwEl)
[2026-08-18 01:50:41.961] [1856256] [HailoRT] [info] [edge_elements.cpp:187] [create] Created (LastAsyncEl8AsyncHwEl)
[2026-08-18 01:50:41.961] [1856256] [HailoRT] [info] [queue_elements.cpp:450] [create] Created (PushQEl6AsyncHwEl | timeout: 10s)
[2026-08-18 01:50:41.961] [1856256] [HailoRT] [info] [filter_elements.cpp:375] [create] Created (PostInferEl6AsyncHwEl | Reorder - src_order: FCR, src_shape: (80, 80, 56), dst_order: FCR, dst_shape: (80, 80, 51))
[2026-08-18 01:50:41.961] [1856256] [HailoRT] [info] [edge_elements.cpp:187] [create] Created (LastAsyncEl0PostInferEl6AsyncHwEl)
[2026-08-18 01:50:41.961] [1856256] [HailoRT] [info] [pipeline.cpp:891] [print_deep_description] EntryPushQEl0yolov8s_pose/input_layer1 | inputs: user | outputs: PreInferEl3yolov8s_pose/input_layer1(running in thread_id: 1856259)
[2026-08-18 01:50:41.961] [1856256] [HailoRT] [info] [pipeline.cpp:891] [print_deep_description] PreInferEl3yolov8s_pose/input_layer1 | inputs: EntryPushQEl0yolov8s_pose/input_layer1[0] | outputs: PushQEl3yolov8s_pose/input_layer1
[2026-08-18 01:50:41.961] [1856256] [HailoRT] [info] [pipeline.cpp:891] [print_deep_description] PushQEl3yolov8s_pose/input_layer1 | inputs: PreInferEl3yolov8s_pose/input_layer1[0] | outputs: AsyncHwEl(running in thread_id: 1856260)
[2026-08-18 01:50:41.961] [1856256] [HailoRT] [info] [pipeline.cpp:891] [print_deep_description] AsyncHwEl | inputs: PushQEl3yolov8s_pose/input_layer1[0] | outputs: LastAsyncEl0AsyncHwEl LastAsyncEl1AsyncHwEl LastAsyncEl2AsyncHwEl LastAsyncEl3AsyncHwEl PushQEl4AsyncHwEl LastAsyncEl5AsyncHwEl PushQEl6AsyncHwEl PushQEl7AsyncHwEl LastAsyncEl8AsyncHwEl
[2026-08-18 01:50:41.961] [1856256] [HailoRT] [info] [pipeline.cpp:891] [print_deep_description] LastAsyncEl0AsyncHwEl | inputs: AsyncHwEl[0] | outputs: user
[2026-08-18 01:50:41.961] [1856256] [HailoRT] [info] [pipeline.cpp:891] [print_deep_description] LastAsyncEl1AsyncHwEl | inputs: AsyncHwEl[0] | outputs: user
[2026-08-18 01:50:41.961] [1856256] [HailoRT] [info] [pipeline.cpp:891] [print_deep_description] LastAsyncEl2AsyncHwEl | inputs: AsyncHwEl[0] | outputs: user
[2026-08-18 01:50:41.961] [1856256] [HailoRT] [info] [pipeline.cpp:891] [print_deep_description] LastAsyncEl3AsyncHwEl | inputs: AsyncHwEl[0] | outputs: user
[2026-08-18 01:50:41.961] [1856256] [HailoRT] [info] [pipeline.cpp:891] [print_deep_description] PushQEl4AsyncHwEl | inputs: AsyncHwEl[0] | outputs: PostInferEl4AsyncHwEl(running in thread_id: 1856261)
[2026-08-18 01:50:41.961] [1856256] [HailoRT] [info] [pipeline.cpp:891] [print_deep_description] PostInferEl4AsyncHwEl | inputs: PushQEl4AsyncHwEl[0] | outputs: LastAsyncEl0PostInferEl4AsyncHwEl
[2026-08-18 01:50:41.961] [1856256] [HailoRT] [info] [pipeline.cpp:891] [print_deep_description] LastAsyncEl0PostInferEl4AsyncHwEl | inputs: PostInferEl4AsyncHwEl[0] | outputs: user
[2026-08-18 01:50:41.961] [1856256] [HailoRT] [info] [pipeline.cpp:891] [print_deep_description] LastAsyncEl5AsyncHwEl | inputs: AsyncHwEl[0] | outputs: user
[2026-08-18 01:50:41.961] [1856256] [HailoRT] [info] [pipeline.cpp:891] [print_deep_description] PushQEl6AsyncHwEl | inputs: AsyncHwEl[0] | outputs: PostInferEl6AsyncHwEl(running in thread_id: 1856263)
[2026-08-18 01:50:41.961] [1856256] [HailoRT] [info] [pipeline.cpp:891] [print_deep_description] PostInferEl6AsyncHwEl | inputs: PushQEl6AsyncHwEl[0] | outputs: LastAsyncEl0PostInferEl6AsyncHwEl
[2026-08-18 01:50:41.961] [1856256] [HailoRT] [info] [pipeline.cpp:891] [print_deep_description] LastAsyncEl0PostInferEl6AsyncHwEl | inputs: PostInferEl6AsyncHwEl[0] | outputs: user
[2026-08-18 01:50:41.961] [1856256] [HailoRT] [info] [pipeline.cpp:891] [print_deep_description] PushQEl7AsyncHwEl | inputs: AsyncHwEl[0] | outputs: PostInferEl7AsyncHwEl(running in thread_id: 1856262)
[2026-08-18 01:50:41.961] [1856256] [HailoRT] [info] [pipeline.cpp:891] [print_deep_description] PostInferEl7AsyncHwEl | inputs: PushQEl7AsyncHwEl[0] | outputs: LastAsyncEl0PostInferEl7AsyncHwEl
[2026-08-18 01:50:41.961] [1856256] [HailoRT] [info] [pipeline.cpp:891] [print_deep_description] LastAsyncEl0PostInferEl7AsyncHwEl | inputs: PostInferEl7AsyncHwEl[0] | outputs: user
[2026-08-18 01:50:41.961] [1856256] [HailoRT] [info] [pipeline.cpp:891] [print_deep_description] LastAsyncEl8AsyncHwEl | inputs: AsyncHwEl[0] | outputs: user
[2026-08-18 01:50:41.963] [1856256] [HailoRT] [info] [hef.cpp:1929] [get_network_group_and_network_name] No name was given. Addressing all networks of default network_group: yolov8s_pose
[2026-08-18 01:50:55.023] [1856467] [HailoRT] [info] [vdevice.cpp:523] [create] Creating vdevice with params: device_count: 1, scheduling_algorithm: ROUND_ROBIN, multi_process_service: false
[2026-08-18 01:50:55.035] [1856467] [HailoRT] [info] [device.cpp:49] [Device] OS Version: Linux 6.12.34+rpt-rpi-2712 #1 SMP PREEMPT Debian 1:6.12.34-1+rpt1~bookworm (2025-06-26) aarch64
[2026-08-18 01:50:55.037] [1856467] [HailoRT] [info] [control.cpp:108] [control__parse_identify_results] firmware_version is: 4.20.0
[2026-08-18 01:50:55.037] [1856467] [HailoRT] [info] [vdevice.cpp:651] [create] VDevice Infos: 0001:03:00.0
[2026-08-18 01:50:55.080] [1856467] [HailoRT] [info] [hef.cpp:1929] [get_network_group_and_network_name] No name was given. Addressing all networks of default network_group: yolov8s
[2026-08-18 01:50:55.080] [1856467] [HailoRT] [info] [hef.cpp:1929] [get_network_group_and_network_name] No name was given. Addressing all networks of default network_group: yolov8s
[2026-08-18 01:50:55.081] [1856467] [HailoRT] [info] [vdevice.cpp:523] [create] Creating vdevice with params: device_count: 1, scheduling_algorithm: ROUND_ROBIN, multi_process_service: false
[2026-08-18 01:50:55.191] [1856467] [HailoRT] [info] [hef.cpp:1929] [get_network_group_and_network_name] No name was given. Addressing all networks of default network_group: yolov8s_pose
[2026-08-18 01:50:55.191] [1856467] [HailoRT] [info] [hef.cpp:1929] [get_network_group_and_network_name] No name was given. Addressing all networks of default network_group: yolov8s_pose
[2026-08-18 01:50:55.201] [1856475] [HailoRT] [info] [internal_buffer_manager.cpp:202] [print_execution_results] Default Internal buffer planner failed to meet requirements
[2026-08-18 01:50:55.201] [1856475] [HailoRT] [info] [internal_buffer_manager.cpp:212] [print_execution_results] Default Internal buffer planner executed successfully
[2026-08-18 01:50:55.211] [1856475] [HailoRT] [info] [device_internal.cpp:57] [configure] Configuring HEF took 15.419503 milliseconds
[2026-08-18 01:50:55.211] [1856475] [HailoRT] [info] [vdevice.cpp:749] [configure] Configuring HEF on VDevice took 15.788985 milliseconds
[2026-08-18 01:50:55.211] [1856475] [HailoRT] [info] [infer_model.cpp:436] [configure] Configuring network group 'yolov8s' with params: batch size: 0, power mode: PERFORMANCE, latency: NONE
[2026-08-18 01:50:55.211] [1856475] [HailoRT] [info] [multi_io_elements.cpp:756] [create] Created (AsyncHwEl)
[2026-08-18 01:50:55.212] [1856475] [HailoRT] [info] [queue_elements.cpp:450] [create] Created (EntryPushQEl0yolov8s/input_layer1 | timeout: 10s)
[2026-08-18 01:50:55.212] [1856475] [HailoRT] [info] [filter_elements.cpp:101] [create] Created (PreInferEl3yolov8s/input_layer1 | Reorder - src_order: RGB4, src_shape: (640, 640, 3), dst_order: NHCW, dst_shape: (640, 640, 3))
[2026-08-18 01:50:55.212] [1856474] [HailoRT] [warning] [device_internal.cpp:616] [check_hef_is_compatible] HEF was compiled for Hailo8L device, while the device itself is Hailo8. This will result in lower performance.
[2026-08-18 01:50:55.212] [1856475] [HailoRT] [info] [queue_elements.cpp:450] [create] Created (PushQEl3yolov8s/input_layer1 | timeout: 10s)
[2026-08-18 01:50:55.212] [1856475] [HailoRT] [info] [multi_io_elements.cpp:135] [create] Created (NmsPPMuxEl0YOLOV8-Post-Process | Op YOLOV8, Name: YOLOV8-Post-Process, Score threshold: 0.200, IoU threshold: 0.70, Classes: 80, Cross classes: false, NMS results order: BY_CLASS, Max bboxes per class: 100, Image height: 640, Image width: 640)
[2026-08-18 01:50:55.212] [1856474] [HailoRT] [warning] [device_internal.cpp:616] [check_hef_is_compatible] HEF was compiled for Hailo8L device, while the device itself is Hailo8. This will result in lower performance.
[2026-08-18 01:50:55.212] [1856475] [HailoRT] [info] [queue_elements.cpp:942] [create] Created (MultiPushQEl0YOLOV8-Post-Process | timeout: 10s)
[2026-08-18 01:50:55.212] [1856475] [HailoRT] [info] [edge_elements.cpp:187] [create] Created (LastAsyncEl0NmsPPMuxEl0YOLOV8-Post-Process)
[2026-08-18 01:50:55.212] [1856475] [HailoRT] [info] [pipeline.cpp:891] [print_deep_description] EntryPushQEl0yolov8s/input_layer1 | inputs: user | outputs: PreInferEl3yolov8s/input_layer1(running in thread_id: 1856478)
[2026-08-18 01:50:55.212] [1856475] [HailoRT] [info] [pipeline.cpp:891] [print_deep_description] PreInferEl3yolov8s/input_layer1 | inputs: EntryPushQEl0yolov8s/input_layer1[0] | outputs: PushQEl3yolov8s/input_layer1
[2026-08-18 01:50:55.212] [1856475] [HailoRT] [info] [pipeline.cpp:891] [print_deep_description] PushQEl3yolov8s/input_layer1 | inputs: PreInferEl3yolov8s/input_layer1[0] | outputs: AsyncHwEl(running in thread_id: 1856479)
[2026-08-18 01:50:55.212] [1856475] [HailoRT] [info] [pipeline.cpp:891] [print_deep_description] AsyncHwEl | inputs: PushQEl3yolov8s/input_layer1[0] | outputs: MultiPushQEl0YOLOV8-Post-Process MultiPushQEl0YOLOV8-Post-Process MultiPushQEl0YOLOV8-Post-Process MultiPushQEl0YOLOV8-Post-Process MultiPushQEl0YOLOV8-Post-Process MultiPushQEl0YOLOV8-Post-Process
[2026-08-18 01:50:55.212] [1856475] [HailoRT] [info] [pipeline.cpp:891] [print_deep_description] MultiPushQEl0YOLOV8-Post-Process | inputs: AsyncHwEl[0] AsyncHwEl[1] AsyncHwEl[2] AsyncHwEl[3] AsyncHwEl[4] AsyncHwEl[5] | outputs: NmsPPMuxEl0YOLOV8-Post-Process(running in thread_id: 1856480)
[2026-08-18 01:50:55.212] [1856475] [HailoRT] [info] [pipeline.cpp:891] [print_deep_description] NmsPPMuxEl0YOLOV8-Post-Process | inputs: MultiPushQEl0YOLOV8-Post-Process[0] | outputs: LastAsyncEl0NmsPPMuxEl0YOLOV8-Post-Process
[2026-08-18 01:50:55.212] [1856475] [HailoRT] [info] [pipeline.cpp:891] [print_deep_description] LastAsyncEl0NmsPPMuxEl0YOLOV8-Post-Process | inputs: NmsPPMuxEl0YOLOV8-Post-Process[0] | outputs: user
[2026-08-18 01:50:55.215] [1856475] [HailoRT] [info] [hef.cpp:1929] [get_network_group_and_network_name] No name was given. Addressing all networks of default network_group: yolov8s
[2026-08-18 01:50:55.218] [1856474] [HailoRT] [info] [internal_buffer_manager.cpp:204] [print_execution_results] Planned internal buffer memory: CMA memory 0, user memory 3321344. memory to edge layer usage factor is 0.93083656
[2026-08-18 01:50:55.218] [1856474] [HailoRT] [info] [internal_buffer_manager.cpp:212] [print_execution_results] Default Internal buffer planner executed successfully
[2026-08-18 01:50:55.251] [1856474] [HailoRT] [info] [device_internal.cpp:57] [configure] Configuring HEF took 38.992063 milliseconds
[2026-08-18 01:50:55.251] [1856474] [HailoRT] [info] [vdevice.cpp:749] [configure] Configuring HEF on VDevice took 39.57271 milliseconds
[2026-08-18 01:50:55.251] [1856474] [HailoRT] [info] [infer_model.cpp:436] [configure] Configuring network group 'yolov8s_pose' with params: batch size: 0, power mode: PERFORMANCE, latency: NONE
[2026-08-18 01:50:55.251] [1856474] [HailoRT] [info] [multi_io_elements.cpp:756] [create] Created (AsyncHwEl)
[2026-08-18 01:50:55.251] [1856474] [HailoRT] [info] [queue_elements.cpp:450] [create] Created (EntryPushQEl0yolov8s_pose/input_layer1 | timeout: 10s)
[2026-08-18 01:50:55.251] [1856474] [HailoRT] [info] [filter_elements.cpp:101] [create] Created (PreInferEl3yolov8s_pose/input_layer1 | Reorder - src_order: RGB4, src_shape: (640, 640, 3), dst_order: NHWC, dst_shape: (640, 640, 3))
[2026-08-18 01:50:55.251] [1856474] [HailoRT] [info] [queue_elements.cpp:450] [create] Created (PushQEl3yolov8s_pose/input_layer1 | timeout: 10s)
[2026-08-18 01:50:55.251] [1856474] [HailoRT] [info] [edge_elements.cpp:187] [create] Created (LastAsyncEl3AsyncHwEl)
[2026-08-18 01:50:55.252] [1856474] [HailoRT] [info] [queue_elements.cpp:450] [create] Created (PushQEl4AsyncHwEl | timeout: 10s)
[2026-08-18 01:50:55.252] [1856474] [HailoRT] [info] [filter_elements.cpp:375] [create] Created (PostInferEl4AsyncHwEl | Reorder - src_order: FCR, src_shape: (20, 20, 56), dst_order: FCR, dst_shape: (20, 20, 51))
[2026-08-18 01:50:55.252] [1856474] [HailoRT] [info] [edge_elements.cpp:187] [create] Created (LastAsyncEl0PostInferEl4AsyncHwEl)
[2026-08-18 01:50:55.252] [1856474] [HailoRT] [info] [edge_elements.cpp:187] [create] Created (LastAsyncEl5AsyncHwEl)
[2026-08-18 01:50:55.252] [1856474] [HailoRT] [info] [edge_elements.cpp:187] [create] Created (LastAsyncEl0AsyncHwEl)
[2026-08-18 01:50:55.252] [1856474] [HailoRT] [info] [edge_elements.cpp:187] [create] Created (LastAsyncEl1AsyncHwEl)
[2026-08-18 01:50:55.252] [1856474] [HailoRT] [info] [edge_elements.cpp:187] [create] Created (LastAsyncEl2AsyncHwEl)
[2026-08-18 01:50:55.252] [1856474] [HailoRT] [info] [queue_elements.cpp:450] [create] Created (PushQEl7AsyncHwEl | timeout: 10s)
[2026-08-18 01:50:55.252] [1856474] [HailoRT] [info] [filter_elements.cpp:375] [create] Created (PostInferEl7AsyncHwEl | Reorder - src_order: FCR, src_shape: (40, 40, 56), dst_order: FCR, dst_shape: (40, 40, 51))
[2026-08-18 01:50:55.252] [1856474] [HailoRT] [info] [edge_elements.cpp:187] [create] Created (LastAsyncEl0PostInferEl7AsyncHwEl)
[2026-08-18 01:50:55.252] [1856474] [HailoRT] [info] [edge_elements.cpp:187] [create] Created (LastAsyncEl8AsyncHwEl)
[2026-08-18 01:50:55.252] [1856474] [HailoRT] [info] [queue_elements.cpp:450] [create] Created (PushQEl6AsyncHwEl | timeout: 10s)
[2026-08-18 01:50:55.252] [1856474] [HailoRT] [info] [filter_elements.cpp:375] [create] Created (PostInferEl6AsyncHwEl | Reorder - src_order: FCR, src_shape: (80, 80, 56), dst_order: FCR, dst_shape: (80, 80, 51))
[2026-08-18 01:50:55.252] [1856474] [HailoRT] [info] [edge_elements.cpp:187] [create] Created (LastAsyncEl0PostInferEl6AsyncHwEl)
[2026-08-18 01:50:55.252] [1856474] [HailoRT] [info] [pipeline.cpp:891] [print_deep_description] EntryPushQEl0yolov8s_pose/input_layer1 | inputs: user | outputs: PreInferEl3yolov8s_pose/input_layer1(running in thread_id: 1856482)
[2026-08-18 01:50:55.252] [1856474] [HailoRT] [info] [pipeline.cpp:891] [print_deep_description] PreInferEl3yolov8s_pose/input_layer1 | inputs: EntryPushQEl0yolov8s_pose/input_layer1[0] | outputs: PushQEl3yolov8s_pose/input_layer1
[2026-08-18 01:50:55.252] [1856474] [HailoRT] [info] [pipeline.cpp:891] [print_deep_description] PushQEl3yolov8s_pose/input_layer1 | inputs: PreInferEl3yolov8s_pose/input_layer1[0] | outputs: AsyncHwEl(running in thread_id: 1856483)
[2026-08-18 01:50:55.252] [1856474] [HailoRT] [info] [pipeline.cpp:891] [print_deep_description] AsyncHwEl | inputs: PushQEl3yolov8s_pose/input_layer1[0] | outputs: LastAsyncEl0AsyncHwEl LastAsyncEl1AsyncHwEl LastAsyncEl2AsyncHwEl LastAsyncEl3AsyncHwEl PushQEl4AsyncHwEl LastAsyncEl5AsyncHwEl PushQEl6AsyncHwEl PushQEl7AsyncHwEl LastAsyncEl8AsyncHwEl
[2026-08-18 01:50:55.252] [1856474] [HailoRT] [info] [pipeline.cpp:891] [print_deep_description] LastAsyncEl0AsyncHwEl | inputs: AsyncHwEl[0] | outputs: user
[2026-08-18 01:50:55.252] [1856474] [HailoRT] [info] [pipeline.cpp:891] [print_deep_description] LastAsyncEl1AsyncHwEl | inputs: AsyncHwEl[0] | outputs: user
[2026-08-18 01:50:55.252] [1856474] [HailoRT] [info] [pipeline.cpp:891] [print_deep_description] LastAsyncEl2AsyncHwEl | inputs: AsyncHwEl[0] | outputs: user
[2026-08-18 01:50:55.252] [1856474] [HailoRT] [info] [pipeline.cpp:891] [print_deep_description] LastAsyncEl3AsyncHwEl | inputs: AsyncHwEl[0] | outputs: user
[2026-08-18 01:50:55.252] [1856474] [HailoRT] [info] [pipeline.cpp:891] [print_deep_description] PushQEl4AsyncHwEl | inputs: AsyncHwEl[0] | outputs: PostInferEl4AsyncHwEl(running in thread_id: 1856484)
[2026-08-18 01:50:55.252] [1856474] [HailoRT] [info] [pipeline.cpp:891] [print_deep_description] PostInferEl4AsyncHwEl | inputs: PushQEl4AsyncHwEl[0] | outputs: LastAsyncEl0PostInferEl4AsyncHwEl
[2026-08-18 01:50:55.252] [1856474] [HailoRT] [info] [pipeline.cpp:891] [print_deep_description] LastAsyncEl0PostInferEl4AsyncHwEl | inputs: PostInferEl4AsyncHwEl[0] | outputs: user
[2026-08-18 01:50:55.252] [1856474] [HailoRT] [info] [pipeline.cpp:891] [print_deep_description] LastAsyncEl5AsyncHwEl | inputs: AsyncHwEl[0] | outputs: user
[2026-08-18 01:50:55.252] [1856474] [HailoRT] [info] [pipeline.cpp:891] [print_deep_description] PushQEl6AsyncHwEl | inputs: AsyncHwEl[0] | outputs: PostInferEl6AsyncHwEl(running in thread_id: 1856486)
[2026-08-18 01:50:55.252] [1856474] [HailoRT] [info] [pipeline.cpp:891] [print_deep_description] PostInferEl6AsyncHwEl | inputs: PushQEl6AsyncHwEl[0] | outputs: LastAsyncEl0PostInferEl6AsyncHwEl
[2026-08-18 01:50:55.252] [1856474] [HailoRT] [info] [pipeline.cpp:891] [print_deep_description] LastAsyncEl0PostInferEl6AsyncHwEl | inputs: PostInferEl6AsyncHwEl[0] | outputs: user
[2026-08-18 01:50:55.253] [1856474] [HailoRT] [info] [pipeline.cpp:891] [print_deep_description] PushQEl7AsyncHwEl | inputs: AsyncHwEl[0] | outputs: PostInferEl7AsyncHwEl(running in thread_id: 1856485)
[2026-08-18 01:50:55.253] [1856474] [HailoRT] [info] [pipeline.cpp:891] [print_deep_description] PostInferEl7AsyncHwEl | inputs: PushQEl7AsyncHwEl[0] | outputs: LastAsyncEl0PostInferEl7AsyncHwEl
[2026-08-18 01:50:55.253] [1856474] [HailoRT] [info] [pipeline.cpp:891] [print_deep_description] LastAsyncEl0PostInferEl7AsyncHwEl | inputs: PostInferEl7AsyncHwEl[0] | outputs: user
[2026-08-18 01:50:55.253] [1856474] [HailoRT] [info] [pipeline.cpp:891] [print_deep_description] LastAsyncEl8AsyncHwEl | inputs: AsyncHwEl[0] | outputs: user
[2026-08-18 01:50:55.256] [1856474] [HailoRT] [info] [hef.cpp:1929] [get_network_group_and_network_name] No name was given. Addressing all networks of default network_group: yolov8s_pose
